// Jest Snapshot v1, https://goo.gl/fbAQLP

exports[`<App /> renders snapshot correctly 1`] = `
<div
  className="makeStyles-root-1"
>
  <div
    className="makeStyles-leftPanel-2"
  >
    <Search
      onSearch={[Function]}
    />
    <SearchResults
      results={Array []}
      saveResult={[Function]}
      savedResults={Array []}
    />
  </div>
  <div
    className="makeStyles-rightPanel-3"
  >
    <SavedArea
      savedResults={Array []}
    />
  </div>
</div>
`;
